Java HotSpot(TM) 64-Bit Server VM (25.291-b10) for windows-amd64 JRE (1.8.0_291-b10), built on Apr  9 2021 00:02:00 by "java_re" with MS VC++ 15.9 (VS2017)
Memory: 4k page, physical 8104744k(1152744k free), swap 22260520k(5399024k free)
CommandLine flags: -XX:InitialHeapSize=52428800 -XX:MaxHeapSize=52428800 -XX:+PrintGC -XX:+PrintGCTimeStamps -XX:+UseCompressedClassPointers -XX:+UseCompressedOops -XX:+UseG1GC -XX:-UseLargePagesIndividualAllocation 
0.161: [GC pause (G1 Evacuation Pause) (young) 24M->13M(50M), 0.0154121 secs]
0.189: [GC pause (G1 Evacuation Pause) (young) 27M->25M(50M), 0.0128234 secs]
0.210: [GC pause (G1 Evacuation Pause) (young) (initial-mark) 34M->32M(50M), 0.0116340 secs]
0.223: [GC concurrent-root-region-scan-start]
0.225: [GC concurrent-root-region-scan-end, 0.0017900 secs]
0.225: [GC concurrent-mark-start]
0.233: [GC pause (G1 Evacuation Pause) (young) 38M->37M(50M), 0.0065816 secs]
0.243: [GC pause (G1 Evacuation Pause) (young) 40M->41M(50M), 0.0046456 secs]
0.249: [GC pause (G1 Evacuation Pause) (young) 42M->42M(50M), 0.0030210 secs]
0.253: [GC pause (G1 Evacuation Pause) (young) 43M->43M(50M), 0.0026443 secs]
0.257: [GC pause (G1 Evacuation Pause) (young) 44M->44M(50M), 0.0024941 secs]
0.261: [GC pause (G1 Evacuation Pause) (young)-- 46M->48M(50M), 0.0255899 secs]
0.287: [GC pause (G1 Evacuation Pause) (young)-- 48M->48M(50M), 0.0159749 secs]
0.303: [Full GC (Allocation Failure)  48M->35M(50M), 0.0899245 secs]
0.393: [GC concurrent-mark-abort]
0.393: [GC pause (G1 Humongous Allocation) (young) (initial-mark) 37M->37M(50M), 0.0031151 secs]
0.397: [GC concurrent-root-region-scan-start]
0.398: [GC concurrent-root-region-scan-end, 0.0014299 secs]
0.398: [GC concurrent-mark-start]
0.407: [GC pause (G1 Evacuation Pause) (young) 42M->42M(50M), 0.0058331 secs]
0.414: [GC pause (G1 Evacuation Pause) (young)-- 44M->47M(50M), 0.0120617 secs]
0.427: [GC pause (G1 Evacuation Pause) (young)-- 47M->47M(50M), 0.0132143 secs]
0.440: [Full GC (Allocation Failure)  47M->43M(50M), 0.0928403 secs]
0.533: [GC concurrent-mark-abort]
0.534: [GC pause (G1 Evacuation Pause) (young) 45M->45M(50M), 0.0031208 secs]
0.538: [GC pause (G1 Evacuation Pause) (young) (initial-mark)-- 47M->48M(50M), 0.0398828 secs]
0.578: [GC concurrent-root-region-scan-start]
0.578: [GC concurrent-root-region-scan-end, 0.0000097 secs]
0.578: [GC concurrent-mark-start]
0.578: [GC pause (G1 Evacuation Pause) (young) 48M->48M(50M), 0.0015467 secs]
0.580: [Full GC (Allocation Failure)  48M->47M(50M), 0.0934667 secs]
0.674: [GC concurrent-mark-abort]
0.674: [GC pause (G1 Evacuation Pause) (young)-- 48M->48M(50M), 0.0227816 secs]
0.697: [GC pause (G1 Evacuation Pause) (young) (initial-mark) 48M->48M(50M), 0.0011590 secs]
0.698: [GC concurrent-root-region-scan-start]
0.698: [GC concurrent-root-region-scan-end, 0.0000059 secs]
0.698: [GC concurrent-mark-start]
0.699: [Full GC (Allocation Failure)  48M->48M(50M), 0.0961273 secs]
0.795: [Full GC (Allocation Failure)  48M->48M(50M), 0.1136782 secs]
0.909: [GC concurrent-mark-abort]
0.909: [GC pause (G1 Evacuation Pause) (young) 48M->48M(50M), 0.0009260 secs]
0.910: [GC pause (G1 Evacuation Pause) (young) (initial-mark) 48M->48M(50M), 0.0007725 secs]
0.911: [GC concurrent-root-region-scan-start]
0.911: [GC concurrent-root-region-scan-end, 0.0000136 secs]
0.911: [GC concurrent-mark-start]
0.911: [Full GC (Allocation Failure)  48M->48M(50M), 0.1590783 secs]
1.070: [Full GC (Allocation Failure)  48M->48M(50M), 0.1377513 secs]
1.208: [GC pause (G1 Evacuation Pause) (young) 48M->48M(50M), 0.0011647 secs]
1.210: [GC concurrent-mark-abort]
1.210: [GC pause (G1 Evacuation Pause) (young) 48M->48M(50M), 0.0009753 secs]
1.211: [Full GC (Allocation Failure)  48M->48M(50M), 0.1925566 secs]
1.404: [Full GC (Allocation Failure)  48M->48M(50M), 0.1250596 secs]
1.529: [GC pause (G1 Evacuation Pause) (young) 48M->48M(50M), 0.0008911 secs]
1.530: [GC pause (G1 Evacuation Pause) (young) (initial-mark) 48M->48M(50M), 0.0010403 secs]
1.531: [GC concurrent-root-region-scan-start]
1.531: [GC concurrent-root-region-scan-end, 0.0000081 secs]
1.531: [GC concurrent-mark-start]
1.531: [Full GC (Allocation Failure)  48M->48M(50M), 0.0821097 secs]
1.614: [Full GC (Allocation Failure)  48M->48M(50M), 0.0753902 secs]
1.689: [GC concurrent-mark-abort]
1.689: [GC pause (G1 Evacuation Pause) (young)